/opt/homebrew/bin/bash: line 1: timeout: command not found
